HowToUse/Docker/DockerHub/2016	0
HowToUse/R/3.2/BenfordAnalysis/0.1	0
HowToUse/RStudio/0.99	0
HowToUse/RubyOnRails/4.2/FontAwesomeRails/4.6	0
HowToUse/CodeClimate/2016	0
HowToUse/Travis-CI/2016	0
Overall/Travis-CI	0
Overall/HackerDojo	0
HowToUse/RubyOnRails/4.2/Omniauth/1.2	0
Overall/JUnit	0
Overall/Bootstrap	0
Overall/Git	0
HowToUse/Git/1.7	0
