HowToUse/Jenkins/1.594/JavaNCSS	0
HowToUse/Maven/3.2/JavaNCSS	0
HowToUse/Jenkins/1.594/CheckStyle	0
HowToUse/Jenkins/1.594/Cobertura	0
HowToUse/Maven/3.2/CheckStyle	0
HowToUse/Maven/3.2/Cobertura	0
HowToUse/Maven/3.2/javadoc	0
HowToUse/Jenkins/1.594	0
HowToUse/Selenium Web Driver/2.44	0
HowToUse/JUnit/4.8	0
